******************************************************************************
                     PRU Linker Unix v2.1.5                    
******************************************************************************
>> Linked Tue May  5 04:18:35 2026

OUTPUT FILE NAME:   <gen/pru_adc.out>
ENTRY POINT SYMBOL: "_c_int00_noinit_noargs_noexit"  address: 00000000


MEMORY CONFIGURATION

         name            origin    length      used     unused   attr    fill
----------------------  --------  ---------  --------  --------  ----  --------
PAGE 0:
  PRU_IMEM              00000000   00002000  000001f4  00001e0c  RWIX

PAGE 1:
  PRU_DMEM_0_1          00000000   00002000  00000114  00001eec  RWIX


SECTION ALLOCATION MAP

 output                                  attributes/
section   page    origin      length       input sections
--------  ----  ----------  ----------   ----------------
.text:_c_int00* 
*          0    00000000    00000014     
                  00000000    00000014     rtspruv3_le.lib : boot_special.obj (.text:_c_int00_noinit_noargs_noexit)

.text      0    00000014    000001e0     
                  00000014    00000104     pru_adc.obj (.text:main)
                  00000118    000000cc     pru_adc.obj (.text:spi_transfer)
                  000001e4    00000008     rtspruv3_le.lib : exit.obj (.text:abort)
                  000001ec    00000008                     : exit.obj (.text:loader_exit)

.stack     1    00000000    00000100     UNINITIALIZED
                  00000000    00000004     rtspruv3_le.lib : boot.obj (.stack)
                  00000004    000000fc     --HOLE--

.resource_table 
*          1    00000100    00000014     
                  00000100    00000014     pru_adc.obj (.resource_table:retain)


SEGMENT ATTRIBUTES

    id tag      seg value
    -- ---      --- -----
     0 PHA_PAGE 1   1    
     1 PHA_PAGE 2   1    


GLOBAL SYMBOLS: SORTED ALPHABETICALLY BY Name 

page  address   name                         
----  -------   ----                         
0     000001ec  C$$EXIT                      
1     00000100  __TI_STACK_END               
abs   00000100  __TI_STACK_SIZE              
abs   ffffffff  __binit__                    
abs   ffffffff  __c_args__                   
0     00000000  _c_int00_noinit_noargs_noexit
1     00000000  _stack                       
0     000001e4  abort                        
abs   ffffffff  binit                        
0     00000014  main                         
1     00000100  resourceTable                
0     00000118  spi_transfer                 


GLOBAL SYMBOLS: SORTED BY Symbol Address 

page  address   name                         
----  -------   ----                         
0     00000000  _c_int00_noinit_noargs_noexit
0     00000014  main                         
0     00000118  spi_transfer                 
0     000001e4  abort                        
0     000001ec  C$$EXIT                      
1     00000000  _stack                       
1     00000100  __TI_STACK_END               
1     00000100  resourceTable                
abs   00000100  __TI_STACK_SIZE              
abs   ffffffff  __binit__                    
abs   ffffffff  __c_args__                   
abs   ffffffff  binit                        

[12 symbols]
