******************************************************************************
                     PRU Linker Unix v2.1.5                    
******************************************************************************
>> Linked Wed Jun 10 04:02:24 2026

OUTPUT FILE NAME:   <teste_spi_pru.out>
ENTRY POINT SYMBOL: "_c_int00_noinit_noargs_noexit"  address: 00000000


MEMORY CONFIGURATION

         name            origin    length      used     unused   attr    fill
----------------------  --------  ---------  --------  --------  ----  --------
PAGE 0:
  PRU_IMEM              00000000   00002000  00000190  00001e70  RWIX

PAGE 1:
  PRU_DMEM_0_1          00000000   00002000  0000011c  00001ee4  RWIX


SECTION ALLOCATION MAP

 output                                  attributes/
section   page    origin      length       input sections
--------  ----  ----------  ----------   ----------------
.text:_c_int00* 
*          0    00000000    00000014     
                  00000000    00000014     rtspruv3_le.lib : boot_special.obj (.text:_c_int00_noinit_noargs_noexit)

.text      0    00000014    0000017c     
                  00000014    0000016c     teste_spi_pru.obj (.text:main)
                  00000180    00000008     rtspruv3_le.lib : exit.obj (.text:abort)
                  00000188    00000008                     : exit.obj (.text:loader_exit)

.stack     1    00000000    00000100     UNINITIALIZED
                  00000000    00000004     rtspruv3_le.lib : boot.obj (.stack)
                  00000004    000000fc     --HOLE--

.data      1    00000110    0000000c     
                  00000110    0000000c     teste_spi_pru.obj (.data)

.cinit     1    00000000    00000000     UNINITIALIZED

.resource_table 
*          1    00000100    00000010     
                  00000100    00000010     teste_spi_pru.obj (.resource_table:retain)


SEGMENT ATTRIBUTES

    id tag      seg value
    -- ---      --- -----
     0 PHA_PAGE 1   1    
     1 PHA_PAGE 2   1    


GLOBAL SYMBOLS: SORTED ALPHABETICALLY BY Name 

page  address   name                         
----  -------   ----                         
0     00000188  C$$EXIT                      
1     00000100  __TI_STACK_END               
abs   00000100  __TI_STACK_SIZE              
abs   ffffffff  __binit__                    
abs   ffffffff  __c_args__                   
0     00000000  _c_int00_noinit_noargs_noexit
1     00000000  _stack                       
0     00000180  abort                        
abs   ffffffff  binit                        
0     00000014  main                         
1     00000114  pru_ctrl                     
1     00000118  pru_cycle                    
1     00000100  resource_table               
1     00000110  shared                       


GLOBAL SYMBOLS: SORTED BY Symbol Address 

page  address   name                         
----  -------   ----                         
0     00000000  _c_int00_noinit_noargs_noexit
0     00000014  main                         
0     00000180  abort                        
0     00000188  C$$EXIT                      
1     00000000  _stack                       
1     00000100  __TI_STACK_END               
1     00000100  resource_table               
1     00000110  shared                       
1     00000114  pru_ctrl                     
1     00000118  pru_cycle                    
abs   00000100  __TI_STACK_SIZE              
abs   ffffffff  __binit__                    
abs   ffffffff  __c_args__                   
abs   ffffffff  binit                        

[14 symbols]
