******************************************************************************
                     PRU Linker Unix v2.1.5                    
******************************************************************************
>> Linked Thu Jun 11 03:29:24 2026

OUTPUT FILE NAME:   <fw_pru.out>
ENTRY POINT SYMBOL: "_c_int00_noinit_noargs_noexit"  address: 00000000


MEMORY CONFIGURATION

         name            origin    length      used     unused   attr    fill
----------------------  --------  ---------  --------  --------  ----  --------
PAGE 0:
  PRU_IMEM              00000000   00002000  00000734  000018cc  RWIX

PAGE 1:
  PRU_DMEM_0_1          00000000   00002000  0000011c  00001ee4  RWIX
  PRU_SHARED_RAM        00010000   00003000  00000000  00003000  RWIX
  DDR_RESERVED          9f000000   01000000  00000000  01000000  RWIX


SECTION ALLOCATION MAP

 output                                  attributes/
section   page    origin      length       input sections
--------  ----  ----------  ----------   ----------------
.text:_c_int00* 
*          0    00000000    00000014     
                  00000000    00000014     rtspruv3_le.lib : boot_special.obj (.text:_c_int00_noinit_noargs_noexit)

.text      0    00000014    00000720     
                  00000014    000006a4     spi_core.obj (.text)
                  000006b8    0000006c     pru_main.obj (.text:main)
                  00000724    00000008     rtspruv3_le.lib : exit.obj (.text:abort)
                  0000072c    00000008                     : exit.obj (.text:loader_exit)

.stack     1    00000000    00000100     UNINITIALIZED
                  00000000    00000004     rtspruv3_le.lib : boot.obj (.stack)
                  00000004    000000fc     --HOLE--

.data      1    00000110    0000000c     
                  00000110    0000000c     pru_main.obj (.data)

.cinit     1    00000000    00000000     UNINITIALIZED

.resource_table 
*          1    00000100    00000010     
                  00000100    00000010     pru_main.obj (.resource_table:retain)


SEGMENT ATTRIBUTES

    id tag      seg value
    -- ---      --- -----
     0 PHA_PAGE 1   1    
     1 PHA_PAGE 2   1    


GLOBAL SYMBOLS: SORTED ALPHABETICALLY BY Name 

page  address   name                         
----  -------   ----                         
0     0000072c  C$$EXIT                      
1     00000100  __TI_STACK_END               
abs   00000100  __TI_STACK_SIZE              
abs   ffffffff  __binit__                    
abs   ffffffff  __c_args__                   
0     00000000  _c_int00_noinit_noargs_noexit
1     00000000  _stack                       
0     00000724  abort                        
abs   ffffffff  binit                        
1     00000110  ctrl                         
0     00000014  ler_ads8688_asm              
0     000006b8  main                         
1     00000114  pru_ctrl                     
1     00000118  pru_cycle                    
1     00000100  resource_table               


GLOBAL SYMBOLS: SORTED BY Symbol Address 

page  address   name                         
----  -------   ----                         
0     00000000  _c_int00_noinit_noargs_noexit
0     00000014  ler_ads8688_asm              
0     000006b8  main                         
0     00000724  abort                        
0     0000072c  C$$EXIT                      
1     00000000  _stack                       
1     00000100  __TI_STACK_END               
1     00000100  resource_table               
1     00000110  ctrl                         
1     00000114  pru_ctrl                     
1     00000118  pru_cycle                    
abs   00000100  __TI_STACK_SIZE              
abs   ffffffff  __binit__                    
abs   ffffffff  __c_args__                   
abs   ffffffff  binit                        

[15 symbols]
